// Jest Snapshot v1, https://goo.gl/fbAQLP

exports[`<Main/> should be render in Snapshot  1`] = `
<main>
  <h1>
    React Avancado
  </h1>
</main>
`
